// Jest Snapshot v1, https://goo.gl/fbAQLP

exports[`renders SwatchList component correctly 1`] = `
<div
  className="root"
>
  <div
    className="root"
  >
    <span
      className="tooltip"
    >
      foo
    </span>
    <button
      className="root"
      onBlur={[Function]}
      onClick={[Function]}
      onFocus={[Function]}
      style={
        Object {
          "--venia-swatch-bg": "123,123,123",
        }
      }
      title="foo"
    />
  </div>
</div>
`;
